// Jest Snapshot v1, https://goo.gl/fbAQLP

exports[`<Main /> should render the heading 1`] = `
.c0 {
  background-color: #F6F7FA;
  width: 100%;
  height: 100%;
  text-align: center;
  display: -webkit-box;
  display: -webkit-flex;
  display: -ms-flexbox;
  display: flex;
  -webkit-flex-direction: column;
  -ms-flex-direction: column;
  flex-direction: column;
  -webkit-align-items: center;
  -webkit-box-align: center;
  -ms-flex-align: center;
  align-items: center;
  padding: 72px 16px 42px 16px;
}

.c2 {
  background-color: #FFFFFF;
  width: 100%;
  min-height: 200px;
  border-radius: 12px;
  margin-top: 56px;
}

.c1 {
  width: 206px;
  height: 32px;
}

@media (min-width:768px) {
  .c0 {
    padding: 96px 156px 90px 156px;
  }
}

@media (min-width:768px) {
  .c2 {
    margin-top: 96px;
  }
}

@media (min-width:768px) {
  .c1 {
    width: 283px;
    height: 44px;
  }
}

<div>
  <main
    class="c0"
    data-testid="main-container"
  >
    <img
      alt="Shelter Buddy logo"
      class="c1"
      src="/img/logo.svg"
    />
    <section
      class="c2"
    />
  </main>
</div>
`
